// Vitest Snapshot v1, https://vitest.dev/guide/snapshot.html

exports[`renderAsync using renderToReadableStream > converts a React component into HTML 1`] = `"<!DOCTYPE html PUBLIC \\"-//W3C//DTD XHTML 1.0 Transitional//EN\\" \\"http://www.w3.org/TR/xhtml1/DTD/xhtml1-transitional.dtd\\"><h1>Welcome, Jim!</h1><img src=\\"img/test.png\\" alt=\\"test\\"/><p>Thanks for trying our product. We&#x27;re thrilled to have you on board!</p>"`;

exports[`renderAsync using renderToReadableStream > converts a React component into PlainText 1`] = `
"WELCOME, JIM!

Thanks for trying our product. We're thrilled to have you on board!"
`;

exports[`renderAsync using renderToReadableStream > converts to plain text and removes reserved ID 1`] = `"THIS SHOULD BE RENDERED IN PLAIN TEXT"`;

exports[`renderAsync using renderToStaticMarkup > converts a React component into HTML 1`] = `"<!DOCTYPE html PUBLIC \\"-//W3C//DTD XHTML 1.0 Transitional//EN\\" \\"http://www.w3.org/TR/xhtml1/DTD/xhtml1-transitional.dtd\\"><h1>Welcome, Jim!</h1><img src=\\"img/test.png\\" alt=\\"test\\"/><p>Thanks for trying our product. We&#x27;re thrilled to have you on board!</p>"`;

exports[`renderAsync using renderToStaticMarkup > converts a React component into PlainText 1`] = `
"WELCOME, JIM!

Thanks for trying our product. We're thrilled to have you on board!"
`;

exports[`renderAsync using renderToStaticMarkup > converts to plain text and removes reserved ID 1`] = `"THIS SHOULD BE RENDERED IN PLAIN TEXT"`;
