// Vitest Snapshot v1, https://vitest.dev/guide/snapshot.html

exports[`render > converts a React component into HTML 1`] = `"<!DOCTYPE html PUBLIC \\"-//W3C//DTD XHTML 1.0 Transitional//EN\\" \\"http://www.w3.org/TR/xhtml1/DTD/xhtml1-transitional.dtd\\"><h1>Welcome, Jim!</h1><img src=\\"img/test.png\\" alt=\\"test\\"/><p>Thanks for trying our product. We&#x27;re thrilled to have you on board!</p>"`;

exports[`render > converts a React component into PlainText 1`] = `
"WELCOME, JIM!

Thanks for trying our product. We're thrilled to have you on board!"
`;

exports[`render > converts to plain text and removes reserved ID 1`] = `"THIS SHOULD BE RENDERED IN PLAIN TEXT"`;

exports[`render > renders the airbnb demo template 1`] = `"<!DOCTYPE html PUBLIC \\"-//W3C//DTD XHTML 1.0 Transitional//EN\\" \\"http://www.w3.org/TR/xhtml1/DTD/xhtml1-transitional.dtd\\"><html data-id=\\"@jsx-email/html\\" lang=\\"en\\" dir=\\"ltr\\"><head data-id=\\"@jsx-email/head\\"><meta http-equiv=\\"Content-Type\\" content=\\"text/html; charset=UTF-8\\"/></head><div data-id=\\"@jsx-email/preview\\" style=\\"display:none;line-height:1px;max-height:0;max-width:0;opacity:0;overflow:hidden\\">Read undefined&#x27;s review<div> ‌​‍‎‏﻿ ‌​‍‎‏﻿ ‌​‍‎‏﻿ ‌​‍‎‏﻿ ‌​‍‎‏﻿ ‌​‍‎‏﻿ ‌​‍‎‏﻿ ‌​‍‎‏﻿ ‌​‍‎‏﻿ ‌​‍‎‏﻿ ‌​‍‎‏﻿ ‌​‍‎‏﻿ ‌​‍‎‏﻿ ‌​‍‎‏﻿ ‌​‍‎‏﻿ ‌​‍‎‏﻿ ‌​‍‎‏﻿ ‌​‍‎‏﻿ ‌​‍‎‏﻿ ‌​‍‎‏﻿ ‌​‍‎‏﻿ ‌​‍‎‏﻿ ‌​‍‎‏﻿ ‌​‍‎‏﻿ ‌​‍‎‏﻿ ‌​‍‎‏﻿ ‌​‍‎‏﻿ ‌​‍‎‏﻿ ‌​‍‎‏﻿ ‌​‍‎‏﻿ ‌​‍‎‏﻿ ‌​‍‎‏﻿ ‌​‍‎‏﻿ ‌​‍‎‏﻿ ‌​‍‎‏﻿ ‌​‍‎‏﻿ ‌​‍‎‏﻿ ‌​‍‎‏﻿ ‌​‍‎‏﻿ ‌​‍‎‏﻿ ‌​‍‎‏﻿ ‌​‍‎‏﻿ ‌​‍‎‏﻿ ‌​‍‎‏﻿ ‌​‍‎‏﻿ ‌​‍‎‏﻿ ‌​‍‎‏﻿ ‌​‍‎‏﻿ ‌​‍‎‏﻿ ‌​‍‎‏﻿ ‌​‍‎‏﻿ ‌​‍‎‏﻿ ‌​‍‎‏﻿ ‌​‍‎‏﻿ ‌​‍‎‏﻿ ‌​‍‎‏﻿ ‌​‍‎‏﻿ ‌​‍‎‏﻿ ‌​‍‎‏﻿ ‌​‍‎‏﻿ ‌​‍‎‏﻿ ‌​‍‎‏﻿ ‌​‍‎‏﻿ ‌​‍‎‏﻿ ‌​‍‎‏﻿ ‌​‍‎‏﻿ ‌​‍‎‏﻿ ‌​‍‎‏﻿ ‌​‍‎‏﻿ ‌​‍‎‏﻿ ‌​‍‎‏﻿ ‌​‍‎‏﻿ ‌​‍‎‏﻿ ‌​‍‎‏﻿ ‌​‍‎‏﻿ ‌​‍‎‏﻿ ‌​‍‎‏﻿ ‌​‍‎‏﻿ ‌​‍‎‏﻿ ‌​‍‎‏﻿ ‌​‍‎‏﻿ ‌​‍‎‏﻿ ‌​‍‎‏﻿ ‌​‍‎‏﻿ ‌​‍‎‏﻿ ‌​‍‎‏﻿ ‌​‍‎‏﻿ ‌​‍‎‏﻿ ‌​‍‎‏﻿ ‌​‍‎‏﻿ ‌​‍‎‏﻿ ‌​‍‎‏﻿ ‌​‍‎‏﻿ ‌​‍‎‏﻿ ‌​‍‎‏﻿ ‌​‍‎‏﻿ ‌​‍‎‏﻿ ‌​‍‎‏﻿ ‌​‍‎‏﻿ ‌​‍‎‏﻿ ‌​‍‎‏﻿ ‌​‍‎‏﻿ ‌​‍‎‏﻿ ‌​‍‎‏﻿ ‌​‍‎‏﻿ ‌​‍‎‏﻿ ‌​‍‎‏﻿ ‌​‍‎‏﻿ ‌​‍‎‏﻿ ‌​‍‎‏﻿ ‌​‍‎‏﻿ ‌​‍‎‏﻿ ‌​‍‎‏﻿ ‌​‍‎‏﻿ ‌​‍‎‏﻿ ‌​‍‎‏﻿ ‌​‍‎‏﻿ ‌​‍‎‏﻿ ‌​‍‎‏﻿ ‌​‍‎‏﻿ ‌​‍‎‏﻿ ‌​‍‎‏﻿ ‌​‍‎‏﻿ ‌​‍‎‏﻿ ‌​‍‎‏﻿ ‌​‍‎‏﻿ ‌​‍‎‏﻿</div></div><body data-id=\\"@jsx-email/body\\" style=\\"background-color:#ffffff;font-family:-apple-system,BlinkMacSystemFont,&quot;Segoe UI&quot;,Roboto,Oxygen-Sans,Ubuntu,Cantarell,&quot;Helvetica Neue&quot;,sans-serif\\"><table align=\\"center\\" width=\\"100%\\" data-id=\\"@jsx-email/section\\" style=\\"background-color:#ffffff;font-family:-apple-system,BlinkMacSystemFont,&quot;Segoe UI&quot;,Roboto,Oxygen-Sans,Ubuntu,Cantarell,&quot;Helvetica Neue&quot;,sans-serif\\" border=\\"0\\" cellPadding=\\"0\\" cellSpacing=\\"0\\" role=\\"presentation\\"><tbody><tr><td><table align=\\"center\\" width=\\"100%\\" data-id=\\"@jsx-email/container\\" role=\\"presentation\\" cellSpacing=\\"0\\" cellPadding=\\"0\\" border=\\"0\\" style=\\"max-width:37.5em;margin:0 auto;padding:20px 0 48px;width:580px\\"><tbody><tr style=\\"width:100%\\"><td><table align=\\"center\\" width=\\"100%\\" data-id=\\"@jsx-email/section\\" border=\\"0\\" cellPadding=\\"0\\" cellSpacing=\\"0\\" role=\\"presentation\\"><tbody><tr><td><img data-id=\\"@jsx-email/img\\" alt=\\"Airbnb\\" src=\\"/static/airbnb-logo.png\\" width=\\"96\\" height=\\"30\\" style=\\"border:none;display:block;outline:none;text-decoration:none\\"/></td></tr></tbody></table><table align=\\"center\\" width=\\"100%\\" data-id=\\"@jsx-email/section\\" border=\\"0\\" cellPadding=\\"0\\" cellSpacing=\\"0\\" role=\\"presentation\\"><tbody><tr><td><img data-id=\\"@jsx-email/img\\" width=\\"96\\" height=\\"96\\" style=\\"border:none;display:block;outline:none;text-decoration:none;margin:0 auto;margin-bottom:16px;border-radius:50%\\"/></td></tr></tbody></table><table align=\\"center\\" width=\\"100%\\" data-id=\\"@jsx-email/section\\" style=\\"padding-bottom:20px\\" border=\\"0\\" cellPadding=\\"0\\" cellSpacing=\\"0\\" role=\\"presentation\\"><tbody><tr><td><table align=\\"center\\" width=\\"100%\\" data-id=\\"@jsx-email/row\\" role=\\"presentation\\" cellSpacing=\\"0\\" cellPadding=\\"0\\" border=\\"0\\"><tbody style=\\"width:100%\\"><tr style=\\"width:100%\\"><p data-id=\\"@jsx-email/text\\" style=\\"font-size:32px;line-height:1.3;margin:16px 0;font-weight:700;color:#484848\\">Here&#x27;s what  wrote</p><p data-id=\\"@jsx-email/text\\" style=\\"font-size:18px;line-height:1.4;margin:16px 0;color:#484848;padding:24px;background-color:#f2f3f3;border-radius:4px\\"></p><p data-id=\\"@jsx-email/text\\" style=\\"font-size:18px;line-height:1.4;margin:16px 0;color:#484848\\">Now that the review period is over, we’ve posted ’s review to your Airbnb profile.</p><p data-id=\\"@jsx-email/text\\" style=\\"font-size:18px;line-height:1.4;margin:16px 0;color:#484848;padding-bottom:16px\\">While it’s too late to write a review of your own, you can send your feedback to  using your Airbnb message thread.</p><a href=\\"https://airbnb.com/\\" data-id=\\"@jsx-email/button\\" target=\\"_blank\\" style=\\"background-color:#ff5a5f;border-radius:3px;color:#fff;font-size:18px;text-decoration:none;text-align:center;display:inline-block;width:100%;line-height:100%;max-width:100%;padding:19px 0px 19px 0px\\"><span><!--[if mso]><i style=\\"letter-spacing: 0px;mso-font-width:-100%;mso-text-raise:28.5\\" hidden>&nbsp;</i><![endif]--></span><span style=\\"display:inline-block;line-height:120%;max-width:100%;mso-padding-alt:0px;mso-text-raise:14.25px\\">Send My Feedback</span><span><!--[if mso]><i style=\\"letter-spacing: 0px;mso-font-width:-100%\\" hidden>&nbsp;</i><![endif]--></span></a></tr></tbody></table></td></tr></tbody></table><hr data-id=\\"@jsx-email/hr\\" style=\\"border:none;border-top:1px solid #eaeaea;width:100%;border-color:#cccccc;margin:20px 0\\"/><table align=\\"center\\" width=\\"100%\\" data-id=\\"@jsx-email/section\\" border=\\"0\\" cellPadding=\\"0\\" cellSpacing=\\"0\\" role=\\"presentation\\"><tbody><tr><td><table align=\\"center\\" width=\\"100%\\" data-id=\\"@jsx-email/row\\" role=\\"presentation\\" cellSpacing=\\"0\\" cellPadding=\\"0\\" border=\\"0\\"><tbody style=\\"width:100%\\"><tr style=\\"width:100%\\"><p data-id=\\"@jsx-email/text\\" style=\\"font-size:18px;line-height:1.4;margin:16px 0;color:#484848;font-weight:700\\">Common questions</p><p data-id=\\"@jsx-email/text\\" style=\\"font-size:14px;line-height:24px;margin:16px 0\\"><a href=\\"https://airbnb.com/help/article/13\\" data-id=\\"@jsx-email/link\\" target=\\"_blank\\" style=\\"color:#ff5a5f;text-decoration:none;font-size:18px;line-height:1.4;display:block\\">How do reviews work?</a></p><p data-id=\\"@jsx-email/text\\" style=\\"font-size:14px;line-height:24px;margin:16px 0\\"><a href=\\"https://airbnb.com/help/article/1257\\" data-id=\\"@jsx-email/link\\" target=\\"_blank\\" style=\\"color:#ff5a5f;text-decoration:none;font-size:18px;line-height:1.4;display:block\\">How do star ratings work?</a></p><p data-id=\\"@jsx-email/text\\" style=\\"font-size:14px;line-height:24px;margin:16px 0\\"><a href=\\"https://airbnb.com/help/article/995\\" data-id=\\"@jsx-email/link\\" target=\\"_blank\\" style=\\"color:#ff5a5f;text-decoration:none;font-size:18px;line-height:1.4;display:block\\">Can I leave a review after 14 days?</a></p><hr data-id=\\"@jsx-email/hr\\" style=\\"border:none;border-top:1px solid #eaeaea;width:100%;border-color:#cccccc;margin:20px 0\\"/><p data-id=\\"@jsx-email/text\\" style=\\"font-size:14px;line-height:24px;margin:16px 0;color:#9ca299;margin-bottom:10px\\">Airbnb, Inc., 888 Brannan St, San Francisco, CA 94103</p><a href=\\"https://airbnb.com\\" data-id=\\"@jsx-email/link\\" target=\\"_blank\\" style=\\"color:#9ca299;text-decoration:underline;font-size:14px\\">Report unsafe behavior</a></tr></tbody></table></td></tr></tbody></table></td></tr></tbody></table></td></tr></tbody></table></body></html>"`;

exports[`render > renders the airbnb demo template 2`] = `
"<!DOCTYPE html PUBLIC \\"-//W3C//DTD XHTML 1.0 Transitional//EN\\" \\"http://www.w3.org/TR/xhtml1/DTD/xhtml1-transitional.dtd\\">
<html data-id=\\"@jsx-email/html\\" lang=\\"en\\" dir=\\"ltr\\">

  <head data-id=\\"@jsx-email/head\\">
    <meta http-equiv=\\"Content-Type\\" content=\\"text/html; charset=UTF-8\\" />
  </head>
  <div data-id=\\"@jsx-email/preview\\" style=\\"display:none;line-height:1px;max-height:0;max-width:0;opacity:0;overflow:hidden\\">Read undefined&#x27;s review<div> ‌​‍‎‏﻿ ‌​‍‎‏﻿ ‌​‍‎‏﻿ ‌​‍‎‏﻿ ‌​‍‎‏﻿ ‌​‍‎‏﻿ ‌​‍‎‏﻿ ‌​‍‎‏﻿ ‌​‍‎‏﻿ ‌​‍‎‏﻿ ‌​‍‎‏﻿ ‌​‍‎‏﻿ ‌​‍‎‏﻿ ‌​‍‎‏﻿ ‌​‍‎‏﻿ ‌​‍‎‏﻿ ‌​‍‎‏﻿ ‌​‍‎‏﻿ ‌​‍‎‏﻿ ‌​‍‎‏﻿ ‌​‍‎‏﻿ ‌​‍‎‏﻿ ‌​‍‎‏﻿ ‌​‍‎‏﻿ ‌​‍‎‏﻿ ‌​‍‎‏﻿ ‌​‍‎‏﻿ ‌​‍‎‏﻿ ‌​‍‎‏﻿ ‌​‍‎‏﻿ ‌​‍‎‏﻿ ‌​‍‎‏﻿ ‌​‍‎‏﻿ ‌​‍‎‏﻿ ‌​‍‎‏﻿ ‌​‍‎‏﻿ ‌​‍‎‏﻿ ‌​‍‎‏﻿ ‌​‍‎‏﻿ ‌​‍‎‏﻿ ‌​‍‎‏﻿ ‌​‍‎‏﻿ ‌​‍‎‏﻿ ‌​‍‎‏﻿ ‌​‍‎‏﻿ ‌​‍‎‏﻿ ‌​‍‎‏﻿ ‌​‍‎‏﻿ ‌​‍‎‏﻿ ‌​‍‎‏﻿ ‌​‍‎‏﻿ ‌​‍‎‏﻿ ‌​‍‎‏﻿ ‌​‍‎‏﻿ ‌​‍‎‏﻿ ‌​‍‎‏﻿ ‌​‍‎‏﻿ ‌​‍‎‏﻿ ‌​‍‎‏﻿ ‌​‍‎‏﻿ ‌​‍‎‏﻿ ‌​‍‎‏﻿ ‌​‍‎‏﻿ ‌​‍‎‏﻿ ‌​‍‎‏﻿ ‌​‍‎‏﻿ ‌​‍‎‏﻿ ‌​‍‎‏﻿ ‌​‍‎‏﻿ ‌​‍‎‏﻿ ‌​‍‎‏﻿ ‌​‍‎‏﻿ ‌​‍‎‏﻿ ‌​‍‎‏﻿ ‌​‍‎‏﻿ ‌​‍‎‏﻿ ‌​‍‎‏﻿ ‌​‍‎‏﻿ ‌​‍‎‏﻿ ‌​‍‎‏﻿ ‌​‍‎‏﻿ ‌​‍‎‏﻿ ‌​‍‎‏﻿ ‌​‍‎‏﻿ ‌​‍‎‏﻿ ‌​‍‎‏﻿ ‌​‍‎‏﻿ ‌​‍‎‏﻿ ‌​‍‎‏﻿ ‌​‍‎‏﻿ ‌​‍‎‏﻿ ‌​‍‎‏﻿ ‌​‍‎‏﻿ ‌​‍‎‏﻿ ‌​‍‎‏﻿ ‌​‍‎‏﻿ ‌​‍‎‏﻿ ‌​‍‎‏﻿ ‌​‍‎‏﻿ ‌​‍‎‏﻿ ‌​‍‎‏﻿ ‌​‍‎‏﻿ ‌​‍‎‏﻿ ‌​‍‎‏﻿ ‌​‍‎‏﻿ ‌​‍‎‏﻿ ‌​‍‎‏﻿ ‌​‍‎‏﻿ ‌​‍‎‏﻿ ‌​‍‎‏﻿ ‌​‍‎‏﻿ ‌​‍‎‏﻿ ‌​‍‎‏﻿ ‌​‍‎‏﻿ ‌​‍‎‏﻿ ‌​‍‎‏﻿ ‌​‍‎‏﻿ ‌​‍‎‏﻿ ‌​‍‎‏﻿ ‌​‍‎‏﻿ ‌​‍‎‏﻿ ‌​‍‎‏﻿ ‌​‍‎‏﻿ ‌​‍‎‏﻿ ‌​‍‎‏﻿ ‌​‍‎‏﻿ ‌​‍‎‏﻿</div>
  </div>

  <body data-id=\\"@jsx-email/body\\" style=\\"background-color:#ffffff;font-family:-apple-system,BlinkMacSystemFont,&quot;Segoe UI&quot;,Roboto,Oxygen-Sans,Ubuntu,Cantarell,&quot;Helvetica Neue&quot;,sans-serif\\">
    <table align=\\"center\\" width=\\"100%\\" data-id=\\"@jsx-email/section\\" style=\\"background-color:#ffffff;font-family:-apple-system,BlinkMacSystemFont,&quot;Segoe UI&quot;,Roboto,Oxygen-Sans,Ubuntu,Cantarell,&quot;Helvetica Neue&quot;,sans-serif\\" border=\\"0\\" cellPadding=\\"0\\" cellSpacing=\\"0\\" role=\\"presentation\\">
      <tbody>
        <tr>
          <td>
            <table align=\\"center\\" width=\\"100%\\" data-id=\\"@jsx-email/container\\" role=\\"presentation\\" cellSpacing=\\"0\\" cellPadding=\\"0\\" border=\\"0\\" style=\\"max-width:37.5em;margin:0 auto;padding:20px 0 48px;width:580px\\">
              <tbody>
                <tr style=\\"width:100%\\">
                  <td>
                    <table align=\\"center\\" width=\\"100%\\" data-id=\\"@jsx-email/section\\" border=\\"0\\" cellPadding=\\"0\\" cellSpacing=\\"0\\" role=\\"presentation\\">
                      <tbody>
                        <tr>
                          <td><img data-id=\\"@jsx-email/img\\" alt=\\"Airbnb\\" src=\\"/static/airbnb-logo.png\\" width=\\"96\\" height=\\"30\\" style=\\"border:none;display:block;outline:none;text-decoration:none\\" /></td>
                        </tr>
                      </tbody>
                    </table>
                    <table align=\\"center\\" width=\\"100%\\" data-id=\\"@jsx-email/section\\" border=\\"0\\" cellPadding=\\"0\\" cellSpacing=\\"0\\" role=\\"presentation\\">
                      <tbody>
                        <tr>
                          <td><img data-id=\\"@jsx-email/img\\" width=\\"96\\" height=\\"96\\" style=\\"border:none;display:block;outline:none;text-decoration:none;margin:0 auto;margin-bottom:16px;border-radius:50%\\" /></td>
                        </tr>
                      </tbody>
                    </table>
                    <table align=\\"center\\" width=\\"100%\\" data-id=\\"@jsx-email/section\\" style=\\"padding-bottom:20px\\" border=\\"0\\" cellPadding=\\"0\\" cellSpacing=\\"0\\" role=\\"presentation\\">
                      <tbody>
                        <tr>
                          <td>
                            <table align=\\"center\\" width=\\"100%\\" data-id=\\"@jsx-email/row\\" role=\\"presentation\\" cellSpacing=\\"0\\" cellPadding=\\"0\\" border=\\"0\\">
                              <tbody style=\\"width:100%\\">
                                <tr style=\\"width:100%\\">
                                  <p data-id=\\"@jsx-email/text\\" style=\\"font-size:32px;line-height:1.3;margin:16px 0;font-weight:700;color:#484848\\">Here&#x27;s what wrote</p>
                                  <p data-id=\\"@jsx-email/text\\" style=\\"font-size:18px;line-height:1.4;margin:16px 0;color:#484848;padding:24px;background-color:#f2f3f3;border-radius:4px\\"></p>
                                  <p data-id=\\"@jsx-email/text\\" style=\\"font-size:18px;line-height:1.4;margin:16px 0;color:#484848\\">Now that the review period is over, we’ve posted ’s review to your Airbnb profile.</p>
                                  <p data-id=\\"@jsx-email/text\\" style=\\"font-size:18px;line-height:1.4;margin:16px 0;color:#484848;padding-bottom:16px\\">While it’s too late to write a review of your own, you can send your feedback to using your Airbnb message thread.</p><a href=\\"https://airbnb.com/\\" data-id=\\"@jsx-email/button\\" target=\\"_blank\\" style=\\"background-color:#ff5a5f;border-radius:3px;color:#fff;font-size:18px;text-decoration:none;text-align:center;display:inline-block;width:100%;line-height:100%;max-width:100%;padding:19px 0px 19px 0px\\"><span><!--[if mso]><i style=\\"letter-spacing: 0px;mso-font-width:-100%;mso-text-raise:28.5\\" hidden>&nbsp;</i><![endif]--></span><span style=\\"display:inline-block;line-height:120%;max-width:100%;mso-padding-alt:0px;mso-text-raise:14.25px\\">Send My Feedback</span><span><!--[if mso]><i style=\\"letter-spacing: 0px;mso-font-width:-100%\\" hidden>&nbsp;</i><![endif]--></span></a>
                                </tr>
                              </tbody>
                            </table>
                          </td>
                        </tr>
                      </tbody>
                    </table>
                    <hr data-id=\\"@jsx-email/hr\\" style=\\"border:none;border-top:1px solid #eaeaea;width:100%;border-color:#cccccc;margin:20px 0\\" />
                    <table align=\\"center\\" width=\\"100%\\" data-id=\\"@jsx-email/section\\" border=\\"0\\" cellPadding=\\"0\\" cellSpacing=\\"0\\" role=\\"presentation\\">
                      <tbody>
                        <tr>
                          <td>
                            <table align=\\"center\\" width=\\"100%\\" data-id=\\"@jsx-email/row\\" role=\\"presentation\\" cellSpacing=\\"0\\" cellPadding=\\"0\\" border=\\"0\\">
                              <tbody style=\\"width:100%\\">
                                <tr style=\\"width:100%\\">
                                  <p data-id=\\"@jsx-email/text\\" style=\\"font-size:18px;line-height:1.4;margin:16px 0;color:#484848;font-weight:700\\">Common questions</p>
                                  <p data-id=\\"@jsx-email/text\\" style=\\"font-size:14px;line-height:24px;margin:16px 0\\"><a href=\\"https://airbnb.com/help/article/13\\" data-id=\\"@jsx-email/link\\" target=\\"_blank\\" style=\\"color:#ff5a5f;text-decoration:none;font-size:18px;line-height:1.4;display:block\\">How do reviews work?</a></p>
                                  <p data-id=\\"@jsx-email/text\\" style=\\"font-size:14px;line-height:24px;margin:16px 0\\"><a href=\\"https://airbnb.com/help/article/1257\\" data-id=\\"@jsx-email/link\\" target=\\"_blank\\" style=\\"color:#ff5a5f;text-decoration:none;font-size:18px;line-height:1.4;display:block\\">How do star ratings work?</a></p>
                                  <p data-id=\\"@jsx-email/text\\" style=\\"font-size:14px;line-height:24px;margin:16px 0\\"><a href=\\"https://airbnb.com/help/article/995\\" data-id=\\"@jsx-email/link\\" target=\\"_blank\\" style=\\"color:#ff5a5f;text-decoration:none;font-size:18px;line-height:1.4;display:block\\">Can I leave a review after 14 days?</a></p>
                                  <hr data-id=\\"@jsx-email/hr\\" style=\\"border:none;border-top:1px solid #eaeaea;width:100%;border-color:#cccccc;margin:20px 0\\" />
                                  <p data-id=\\"@jsx-email/text\\" style=\\"font-size:14px;line-height:24px;margin:16px 0;color:#9ca299;margin-bottom:10px\\">Airbnb, Inc., 888 Brannan St, San Francisco, CA 94103</p><a href=\\"https://airbnb.com\\" data-id=\\"@jsx-email/link\\" target=\\"_blank\\" style=\\"color:#9ca299;text-decoration:underline;font-size:14px\\">Report unsafe behavior</a>
                                </tr>
                              </tbody>
                            </table>
                          </td>
                        </tr>
                      </tbody>
                    </table>
                  </td>
                </tr>
              </tbody>
            </table>
          </td>
        </tr>
      </tbody>
    </table>
  </body>

</html>"
`;

exports[`render > renders the plaid demo template 1`] = `"<!DOCTYPE html PUBLIC \\"-//W3C//DTD XHTML 1.0 Transitional//EN\\" \\"http://www.w3.org/TR/xhtml1/DTD/xhtml1-transitional.dtd\\"><html data-id=\\"@jsx-email/html\\" lang=\\"en\\" dir=\\"ltr\\"><head data-id=\\"@jsx-email/head\\"><meta http-equiv=\\"Content-Type\\" content=\\"text/html; charset=UTF-8\\"/></head><body data-id=\\"@jsx-email/body\\" style=\\"background-color:#ffffff;font-family:HelveticaNeue,Helvetica,Arial,sans-serif\\"><table align=\\"center\\" width=\\"100%\\" data-id=\\"@jsx-email/container\\" role=\\"presentation\\" cellSpacing=\\"0\\" cellPadding=\\"0\\" border=\\"0\\" style=\\"max-width:37.5em;background-color:#ffffff;border:1px solid #eee;border-radius:5px;box-shadow:0 5px 10px rgba(20,50,70,.2);margin-top:20px;width:360px;margin:0 auto;padding:68px 0 130px\\"><tbody><tr style=\\"width:100%\\"><td><img data-id=\\"@jsx-email/img\\" alt=\\"Plaid\\" src=\\"/static/plaid-logo.png\\" width=\\"212\\" height=\\"88\\" style=\\"border:none;display:block;outline:none;text-decoration:none;margin:0 auto\\"/><p data-id=\\"@jsx-email/text\\" style=\\"font-size:11px;line-height:16px;margin:16px 8px 8px 8px;color:#0a85ea;font-weight:700;font-family:HelveticaNeue,Helvetica,Arial,sans-serif;height:16px;letter-spacing:0;text-transform:uppercase;text-align:center\\">Verify Your Identity</p><h1 data-id=\\"@jsx-email/heading\\" style=\\"color:#000;display:inline-block;font-family:HelveticaNeue-Medium,Helvetica,Arial,sans-serif;font-size:20px;font-weight:500;line-height:24px;margin-bottom:0;margin-top:0;text-align:center\\">Enter the following code to finish linking Venmo.</h1><table align=\\"center\\" width=\\"100%\\" data-id=\\"@jsx-email/section\\" style=\\"background:rgba(0,0,0,.05);border-radius:4px;margin:16px auto 14px;vertical-align:middle;width:280px\\" border=\\"0\\" cellPadding=\\"0\\" cellSpacing=\\"0\\" role=\\"presentation\\"><tbody><tr><td><p data-id=\\"@jsx-email/text\\" style=\\"font-size:32px;line-height:40px;margin:0 auto;color:#000;display:inline-block;font-family:HelveticaNeue-Bold;font-weight:700;letter-spacing:6px;padding-bottom:8px;padding-top:8px;width:100%;text-align:center\\"></p></td></tr></tbody></table><p data-id=\\"@jsx-email/text\\" style=\\"font-size:15px;line-height:23px;margin:0;color:#444;font-family:HelveticaNeue,Helvetica,Arial,sans-serif;letter-spacing:0;padding:0 40px;text-align:center\\">Not expecting this email?</p><p data-id=\\"@jsx-email/text\\" style=\\"font-size:15px;line-height:23px;margin:0;color:#444;font-family:HelveticaNeue,Helvetica,Arial,sans-serif;letter-spacing:0;padding:0 40px;text-align:center\\">Contact <a href=\\"mailto:login@plaid.com\\" data-id=\\"@jsx-email/link\\" target=\\"_blank\\" style=\\"color:#444;text-decoration:underline\\">login@plaid.com</a> if you did not request this code.</p></td></tr></tbody></table><p data-id=\\"@jsx-email/text\\" style=\\"font-size:12px;line-height:23px;margin:0;color:#000;font-weight:800;letter-spacing:0;margin-top:20px;font-family:HelveticaNeue,Helvetica,Arial,sans-serif;text-align:center;text-transform:uppercase\\">Securely powered by Plaid.</p></body></html>"`;

exports[`render > renders the plaid demo template 2`] = `
"<!DOCTYPE html PUBLIC \\"-//W3C//DTD XHTML 1.0 Transitional//EN\\" \\"http://www.w3.org/TR/xhtml1/DTD/xhtml1-transitional.dtd\\">
<html data-id=\\"@jsx-email/html\\" lang=\\"en\\" dir=\\"ltr\\">

  <head data-id=\\"@jsx-email/head\\">
    <meta http-equiv=\\"Content-Type\\" content=\\"text/html; charset=UTF-8\\" />
  </head>

  <body data-id=\\"@jsx-email/body\\" style=\\"background-color:#ffffff;font-family:HelveticaNeue,Helvetica,Arial,sans-serif\\">
    <table align=\\"center\\" width=\\"100%\\" data-id=\\"@jsx-email/container\\" role=\\"presentation\\" cellSpacing=\\"0\\" cellPadding=\\"0\\" border=\\"0\\" style=\\"max-width:37.5em;background-color:#ffffff;border:1px solid #eee;border-radius:5px;box-shadow:0 5px 10px rgba(20,50,70,.2);margin-top:20px;width:360px;margin:0 auto;padding:68px 0 130px\\">
      <tbody>
        <tr style=\\"width:100%\\">
          <td><img data-id=\\"@jsx-email/img\\" alt=\\"Plaid\\" src=\\"/static/plaid-logo.png\\" width=\\"212\\" height=\\"88\\" style=\\"border:none;display:block;outline:none;text-decoration:none;margin:0 auto\\" />
            <p data-id=\\"@jsx-email/text\\" style=\\"font-size:11px;line-height:16px;margin:16px 8px 8px 8px;color:#0a85ea;font-weight:700;font-family:HelveticaNeue,Helvetica,Arial,sans-serif;height:16px;letter-spacing:0;text-transform:uppercase;text-align:center\\">Verify Your Identity</p>
            <h1 data-id=\\"@jsx-email/heading\\" style=\\"color:#000;display:inline-block;font-family:HelveticaNeue-Medium,Helvetica,Arial,sans-serif;font-size:20px;font-weight:500;line-height:24px;margin-bottom:0;margin-top:0;text-align:center\\">Enter the following code to finish linking Venmo.</h1>
            <table align=\\"center\\" width=\\"100%\\" data-id=\\"@jsx-email/section\\" style=\\"background:rgba(0,0,0,.05);border-radius:4px;margin:16px auto 14px;vertical-align:middle;width:280px\\" border=\\"0\\" cellPadding=\\"0\\" cellSpacing=\\"0\\" role=\\"presentation\\">
              <tbody>
                <tr>
                  <td>
                    <p data-id=\\"@jsx-email/text\\" style=\\"font-size:32px;line-height:40px;margin:0 auto;color:#000;display:inline-block;font-family:HelveticaNeue-Bold;font-weight:700;letter-spacing:6px;padding-bottom:8px;padding-top:8px;width:100%;text-align:center\\"></p>
                  </td>
                </tr>
              </tbody>
            </table>
            <p data-id=\\"@jsx-email/text\\" style=\\"font-size:15px;line-height:23px;margin:0;color:#444;font-family:HelveticaNeue,Helvetica,Arial,sans-serif;letter-spacing:0;padding:0 40px;text-align:center\\">Not expecting this email?</p>
            <p data-id=\\"@jsx-email/text\\" style=\\"font-size:15px;line-height:23px;margin:0;color:#444;font-family:HelveticaNeue,Helvetica,Arial,sans-serif;letter-spacing:0;padding:0 40px;text-align:center\\">Contact <a href=\\"mailto:login@plaid.com\\" data-id=\\"@jsx-email/link\\" target=\\"_blank\\" style=\\"color:#444;text-decoration:underline\\">login@plaid.com</a> if you did not request this code.</p>
          </td>
        </tr>
      </tbody>
    </table>
    <p data-id=\\"@jsx-email/text\\" style=\\"font-size:12px;line-height:23px;margin:0;color:#000;font-weight:800;letter-spacing:0;margin-top:20px;font-family:HelveticaNeue,Helvetica,Arial,sans-serif;text-align:center;text-transform:uppercase\\">Securely powered by Plaid.</p>
  </body>

</html>"
`;

exports[`render > renders the vercel demo template 1`] = `"<!DOCTYPE html PUBLIC \\"-//W3C//DTD XHTML 1.0 Transitional//EN\\" \\"http://www.w3.org/TR/xhtml1/DTD/xhtml1-transitional.dtd\\"><html data-id=\\"@jsx-email/html\\" lang=\\"en\\" dir=\\"ltr\\"><head data-id=\\"@jsx-email/head\\"><meta http-equiv=\\"Content-Type\\" content=\\"text/html; charset=UTF-8\\"/></head><div data-id=\\"@jsx-email/preview\\" style=\\"display:none;line-height:1px;max-height:0;max-width:0;opacity:0;overflow:hidden\\">Join undefined on Vercel<div> ‌​‍‎‏﻿ ‌​‍‎‏﻿ ‌​‍‎‏﻿ ‌​‍‎‏﻿ ‌​‍‎‏﻿ ‌​‍‎‏﻿ ‌​‍‎‏﻿ ‌​‍‎‏﻿ ‌​‍‎‏﻿ ‌​‍‎‏﻿ ‌​‍‎‏﻿ ‌​‍‎‏﻿ ‌​‍‎‏﻿ ‌​‍‎‏﻿ ‌​‍‎‏﻿ ‌​‍‎‏﻿ ‌​‍‎‏﻿ ‌​‍‎‏﻿ ‌​‍‎‏﻿ ‌​‍‎‏﻿ ‌​‍‎‏﻿ ‌​‍‎‏﻿ ‌​‍‎‏﻿ ‌​‍‎‏﻿ ‌​‍‎‏﻿ ‌​‍‎‏﻿ ‌​‍‎‏﻿ ‌​‍‎‏﻿ ‌​‍‎‏﻿ ‌​‍‎‏﻿ ‌​‍‎‏﻿ ‌​‍‎‏﻿ ‌​‍‎‏﻿ ‌​‍‎‏﻿ ‌​‍‎‏﻿ ‌​‍‎‏﻿ ‌​‍‎‏﻿ ‌​‍‎‏﻿ ‌​‍‎‏﻿ ‌​‍‎‏﻿ ‌​‍‎‏﻿ ‌​‍‎‏﻿ ‌​‍‎‏﻿ ‌​‍‎‏﻿ ‌​‍‎‏﻿ ‌​‍‎‏﻿ ‌​‍‎‏﻿ ‌​‍‎‏﻿ ‌​‍‎‏﻿ ‌​‍‎‏﻿ ‌​‍‎‏﻿ ‌​‍‎‏﻿ ‌​‍‎‏﻿ ‌​‍‎‏﻿ ‌​‍‎‏﻿ ‌​‍‎‏﻿ ‌​‍‎‏﻿ ‌​‍‎‏﻿ ‌​‍‎‏﻿ ‌​‍‎‏﻿ ‌​‍‎‏﻿ ‌​‍‎‏﻿ ‌​‍‎‏﻿ ‌​‍‎‏﻿ ‌​‍‎‏﻿ ‌​‍‎‏﻿ ‌​‍‎‏﻿ ‌​‍‎‏﻿ ‌​‍‎‏﻿ ‌​‍‎‏﻿ ‌​‍‎‏﻿ ‌​‍‎‏﻿ ‌​‍‎‏﻿ ‌​‍‎‏﻿ ‌​‍‎‏﻿ ‌​‍‎‏﻿ ‌​‍‎‏﻿ ‌​‍‎‏﻿ ‌​‍‎‏﻿ ‌​‍‎‏﻿ ‌​‍‎‏﻿ ‌​‍‎‏﻿ ‌​‍‎‏﻿ ‌​‍‎‏﻿ ‌​‍‎‏﻿ ‌​‍‎‏﻿ ‌​‍‎‏﻿ ‌​‍‎‏﻿ ‌​‍‎‏﻿ ‌​‍‎‏﻿ ‌​‍‎‏﻿ ‌​‍‎‏﻿ ‌​‍‎‏﻿ ‌​‍‎‏﻿ ‌​‍‎‏﻿ ‌​‍‎‏﻿ ‌​‍‎‏﻿ ‌​‍‎‏﻿ ‌​‍‎‏﻿ ‌​‍‎‏﻿ ‌​‍‎‏﻿ ‌​‍‎‏﻿ ‌​‍‎‏﻿ ‌​‍‎‏﻿ ‌​‍‎‏﻿ ‌​‍‎‏﻿ ‌​‍‎‏﻿ ‌​‍‎‏﻿ ‌​‍‎‏﻿ ‌​‍‎‏﻿ ‌​‍‎‏﻿ ‌​‍‎‏﻿ ‌​‍‎‏﻿ ‌​‍‎‏﻿ ‌​‍‎‏﻿ ‌​‍‎‏﻿ ‌​‍‎‏﻿ ‌​‍‎‏﻿ ‌​‍‎‏﻿ ‌​‍‎‏﻿ ‌​‍‎‏﻿ ‌​‍‎‏﻿ ‌​‍‎‏﻿ ‌​‍‎‏﻿ ‌​‍‎‏﻿ ‌​‍‎‏﻿</div></div><body data-id=\\"@jsx-email/body\\" style=\\"background-color:rgb(255,255,255);margin-top:auto;margin-bottom:auto;margin-left:auto;margin-right:auto;font-family:ui-sans-serif, system-ui, -apple-system, BlinkMacSystemFont, &quot;Segoe UI&quot;, Roboto, &quot;Helvetica Neue&quot;, Arial, &quot;Noto Sans&quot;, sans-serif, &quot;Apple Color Emoji&quot;, &quot;Segoe UI Emoji&quot;, &quot;Segoe UI Symbol&quot;, &quot;Noto Color Emoji&quot;\\"><table align=\\"center\\" width=\\"100%\\" data-id=\\"@jsx-email/container\\" role=\\"presentation\\" cellSpacing=\\"0\\" cellPadding=\\"0\\" border=\\"0\\" style=\\"max-width:37.5em;border-width:1px;border-style:solid;border-color:rgb(234,234,234);border-radius:0.25rem;margin-top:40px;margin-bottom:40px;margin-left:auto;margin-right:auto;padding:20px;width:465px\\"><tbody><tr style=\\"width:100%\\"><td><table align=\\"center\\" width=\\"100%\\" data-id=\\"@jsx-email/section\\" style=\\"margin-top:32px\\" border=\\"0\\" cellPadding=\\"0\\" cellSpacing=\\"0\\" role=\\"presentation\\"><tbody><tr><td><img data-id=\\"@jsx-email/img\\" alt=\\"Vercel\\" src=\\"/static/vercel-logo.png\\" width=\\"40\\" height=\\"37\\" style=\\"border:none;display:block;outline:none;text-decoration:none;margin-top:0px;margin-bottom:0px;margin-left:auto;margin-right:auto\\"/></td></tr></tbody></table><h1 data-id=\\"@jsx-email/heading\\" style=\\"color:rgb(0,0,0);font-size:24px;font-weight:400;text-align:center;padding:0px;margin-top:30px;margin-bottom:30px;margin-left:0px;margin-right:0px\\">Join <strong></strong> on <strong>Vercel</strong></h1><p data-id=\\"@jsx-email/text\\" style=\\"font-size:14px;line-height:24px;margin:16px 0;color:rgb(0,0,0)\\">Hello ,</p><p data-id=\\"@jsx-email/text\\" style=\\"font-size:14px;line-height:24px;margin:16px 0;color:rgb(0,0,0)\\"><strong></strong> (<a href=\\"mailto:undefined\\" data-id=\\"@jsx-email/link\\" target=\\"_blank\\" style=\\"color:rgb(37,99,235);text-decoration:none;text-decoration-line:none\\"></a>) has invited you to the <strong></strong> team on <strong>Vercel</strong>.</p><table align=\\"center\\" width=\\"100%\\" data-id=\\"@jsx-email/section\\" border=\\"0\\" cellPadding=\\"0\\" cellSpacing=\\"0\\" role=\\"presentation\\"><tbody><tr><td><table align=\\"center\\" width=\\"100%\\" data-id=\\"@jsx-email/row\\" role=\\"presentation\\" cellSpacing=\\"0\\" cellPadding=\\"0\\" border=\\"0\\"><tbody style=\\"width:100%\\"><tr style=\\"width:100%\\"><td align=\\"right\\" data-id=\\"@jsx-email/column\\"><img data-id=\\"@jsx-email/img\\" width=\\"64\\" height=\\"64\\" style=\\"border:none;display:block;outline:none;text-decoration:none;border-radius:9999px\\"/></td><td align=\\"center\\" data-id=\\"@jsx-email/column\\"><img data-id=\\"@jsx-email/img\\" alt=\\"invited you to\\" src=\\"/static/vercel-arrow.png\\" width=\\"12\\" height=\\"9\\" style=\\"border:none;display:block;outline:none;text-decoration:none\\"/></td><td align=\\"left\\" data-id=\\"@jsx-email/column\\"><img data-id=\\"@jsx-email/img\\" width=\\"64\\" height=\\"64\\" style=\\"border:none;display:block;outline:none;text-decoration:none;border-radius:9999px\\"/></td></tr></tbody></table></td></tr></tbody></table><table align=\\"center\\" width=\\"100%\\" data-id=\\"@jsx-email/section\\" style=\\"text-align:center;margin-top:32px;margin-bottom:32px\\" border=\\"0\\" cellPadding=\\"0\\" cellSpacing=\\"0\\" role=\\"presentation\\"><tbody><tr><td><a data-id=\\"@jsx-email/button\\" target=\\"_blank\\" style=\\"background-color:rgb(0,0,0);border-radius:0.25rem;color:rgb(255,255,255);font-size:12px;padding-left:1.25rem;padding-right:1.25rem;padding-top:0.75rem;padding-bottom:0.75rem;font-weight:600;text-decoration-line:none;text-align:center;display:inline-block;line-height:100%;max-width:100%;padding:12px 20px 12px 20px;text-decoration:none\\"><span><!--[if mso]><i style=\\"letter-spacing: 20px;mso-font-width:-100%;mso-text-raise:18\\" hidden>&nbsp;</i><![endif]--></span><span style=\\"display:inline-block;line-height:120%;max-width:100%;mso-padding-alt:0px;mso-text-raise:9px\\">Join the team</span><span><!--[if mso]><i style=\\"letter-spacing: 20px;mso-font-width:-100%\\" hidden>&nbsp;</i><![endif]--></span></a></td></tr></tbody></table><p data-id=\\"@jsx-email/text\\" style=\\"font-size:14px;line-height:24px;margin:16px 0;color:rgb(0,0,0)\\">or copy and paste this URL into your browser: <a data-id=\\"@jsx-email/link\\" target=\\"_blank\\" style=\\"color:rgb(37,99,235);text-decoration:none;text-decoration-line:none\\"></a></p><hr data-id=\\"@jsx-email/hr\\" style=\\"border:none;border-top:1px solid #eaeaea;width:100%;border-width:1px;border-style:solid;border-color:rgb(234,234,234);margin-top:26px;margin-bottom:26px;margin-left:0px;margin-right:0px\\"/><p data-id=\\"@jsx-email/text\\" style=\\"font-size:12px;line-height:24px;margin:16px 0;color:rgb(102,102,102)\\">This invitation was intended for <span style=\\"color:rgb(0,0,0)\\"> </span>.This invite was sent from <span style=\\"color:rgb(0,0,0)\\"></span> located in <span style=\\"color:rgb(0,0,0)\\"></span>. If you were not expecting this invitation, you can ignore this email. If you are concerned about your account&#x27;s safety, please reply to this email to get in touch with us.</p></td></tr></tbody></table></body></html>"`;

exports[`render > renders the vercel demo template 2`] = `
"<!DOCTYPE html PUBLIC \\"-//W3C//DTD XHTML 1.0 Transitional//EN\\" \\"http://www.w3.org/TR/xhtml1/DTD/xhtml1-transitional.dtd\\">
<html data-id=\\"@jsx-email/html\\" lang=\\"en\\" dir=\\"ltr\\">

  <head data-id=\\"@jsx-email/head\\">
    <meta http-equiv=\\"Content-Type\\" content=\\"text/html; charset=UTF-8\\" />
  </head>
  <div data-id=\\"@jsx-email/preview\\" style=\\"display:none;line-height:1px;max-height:0;max-width:0;opacity:0;overflow:hidden\\">Join undefined on Vercel<div> ‌​‍‎‏﻿ ‌​‍‎‏﻿ ‌​‍‎‏﻿ ‌​‍‎‏﻿ ‌​‍‎‏﻿ ‌​‍‎‏﻿ ‌​‍‎‏﻿ ‌​‍‎‏﻿ ‌​‍‎‏﻿ ‌​‍‎‏﻿ ‌​‍‎‏﻿ ‌​‍‎‏﻿ ‌​‍‎‏﻿ ‌​‍‎‏﻿ ‌​‍‎‏﻿ ‌​‍‎‏﻿ ‌​‍‎‏﻿ ‌​‍‎‏﻿ ‌​‍‎‏﻿ ‌​‍‎‏﻿ ‌​‍‎‏﻿ ‌​‍‎‏﻿ ‌​‍‎‏﻿ ‌​‍‎‏﻿ ‌​‍‎‏﻿ ‌​‍‎‏﻿ ‌​‍‎‏﻿ ‌​‍‎‏﻿ ‌​‍‎‏﻿ ‌​‍‎‏﻿ ‌​‍‎‏﻿ ‌​‍‎‏﻿ ‌​‍‎‏﻿ ‌​‍‎‏﻿ ‌​‍‎‏﻿ ‌​‍‎‏﻿ ‌​‍‎‏﻿ ‌​‍‎‏﻿ ‌​‍‎‏﻿ ‌​‍‎‏﻿ ‌​‍‎‏﻿ ‌​‍‎‏﻿ ‌​‍‎‏﻿ ‌​‍‎‏﻿ ‌​‍‎‏﻿ ‌​‍‎‏﻿ ‌​‍‎‏﻿ ‌​‍‎‏﻿ ‌​‍‎‏﻿ ‌​‍‎‏﻿ ‌​‍‎‏﻿ ‌​‍‎‏﻿ ‌​‍‎‏﻿ ‌​‍‎‏﻿ ‌​‍‎‏﻿ ‌​‍‎‏﻿ ‌​‍‎‏﻿ ‌​‍‎‏﻿ ‌​‍‎‏﻿ ‌​‍‎‏﻿ ‌​‍‎‏﻿ ‌​‍‎‏﻿ ‌​‍‎‏﻿ ‌​‍‎‏﻿ ‌​‍‎‏﻿ ‌​‍‎‏﻿ ‌​‍‎‏﻿ ‌​‍‎‏﻿ ‌​‍‎‏﻿ ‌​‍‎‏﻿ ‌​‍‎‏﻿ ‌​‍‎‏﻿ ‌​‍‎‏﻿ ‌​‍‎‏﻿ ‌​‍‎‏﻿ ‌​‍‎‏﻿ ‌​‍‎‏﻿ ‌​‍‎‏﻿ ‌​‍‎‏﻿ ‌​‍‎‏﻿ ‌​‍‎‏﻿ ‌​‍‎‏﻿ ‌​‍‎‏﻿ ‌​‍‎‏﻿ ‌​‍‎‏﻿ ‌​‍‎‏﻿ ‌​‍‎‏﻿ ‌​‍‎‏﻿ ‌​‍‎‏﻿ ‌​‍‎‏﻿ ‌​‍‎‏﻿ ‌​‍‎‏﻿ ‌​‍‎‏﻿ ‌​‍‎‏﻿ ‌​‍‎‏﻿ ‌​‍‎‏﻿ ‌​‍‎‏﻿ ‌​‍‎‏﻿ ‌​‍‎‏﻿ ‌​‍‎‏﻿ ‌​‍‎‏﻿ ‌​‍‎‏﻿ ‌​‍‎‏﻿ ‌​‍‎‏﻿ ‌​‍‎‏﻿ ‌​‍‎‏﻿ ‌​‍‎‏﻿ ‌​‍‎‏﻿ ‌​‍‎‏﻿ ‌​‍‎‏﻿ ‌​‍‎‏﻿ ‌​‍‎‏﻿ ‌​‍‎‏﻿ ‌​‍‎‏﻿ ‌​‍‎‏﻿ ‌​‍‎‏﻿ ‌​‍‎‏﻿ ‌​‍‎‏﻿ ‌​‍‎‏﻿ ‌​‍‎‏﻿ ‌​‍‎‏﻿ ‌​‍‎‏﻿ ‌​‍‎‏﻿ ‌​‍‎‏﻿ ‌​‍‎‏﻿ ‌​‍‎‏﻿</div>
  </div>

  <body data-id=\\"@jsx-email/body\\" style=\\"background-color:rgb(255,255,255);margin-top:auto;margin-bottom:auto;margin-left:auto;margin-right:auto;font-family:ui-sans-serif, system-ui, -apple-system, BlinkMacSystemFont, &quot;Segoe UI&quot;, Roboto, &quot;Helvetica Neue&quot;, Arial, &quot;Noto Sans&quot;, sans-serif, &quot;Apple Color Emoji&quot;, &quot;Segoe UI Emoji&quot;, &quot;Segoe UI Symbol&quot;, &quot;Noto Color Emoji&quot;\\">
    <table align=\\"center\\" width=\\"100%\\" data-id=\\"@jsx-email/container\\" role=\\"presentation\\" cellSpacing=\\"0\\" cellPadding=\\"0\\" border=\\"0\\" style=\\"max-width:37.5em;border-width:1px;border-style:solid;border-color:rgb(234,234,234);border-radius:0.25rem;margin-top:40px;margin-bottom:40px;margin-left:auto;margin-right:auto;padding:20px;width:465px\\">
      <tbody>
        <tr style=\\"width:100%\\">
          <td>
            <table align=\\"center\\" width=\\"100%\\" data-id=\\"@jsx-email/section\\" style=\\"margin-top:32px\\" border=\\"0\\" cellPadding=\\"0\\" cellSpacing=\\"0\\" role=\\"presentation\\">
              <tbody>
                <tr>
                  <td><img data-id=\\"@jsx-email/img\\" alt=\\"Vercel\\" src=\\"/static/vercel-logo.png\\" width=\\"40\\" height=\\"37\\" style=\\"border:none;display:block;outline:none;text-decoration:none;margin-top:0px;margin-bottom:0px;margin-left:auto;margin-right:auto\\" /></td>
                </tr>
              </tbody>
            </table>
            <h1 data-id=\\"@jsx-email/heading\\" style=\\"color:rgb(0,0,0);font-size:24px;font-weight:400;text-align:center;padding:0px;margin-top:30px;margin-bottom:30px;margin-left:0px;margin-right:0px\\">Join <strong></strong> on <strong>Vercel</strong></h1>
            <p data-id=\\"@jsx-email/text\\" style=\\"font-size:14px;line-height:24px;margin:16px 0;color:rgb(0,0,0)\\">Hello ,</p>
            <p data-id=\\"@jsx-email/text\\" style=\\"font-size:14px;line-height:24px;margin:16px 0;color:rgb(0,0,0)\\"><strong></strong> (<a href=\\"mailto:undefined\\" data-id=\\"@jsx-email/link\\" target=\\"_blank\\" style=\\"color:rgb(37,99,235);text-decoration:none;text-decoration-line:none\\"></a>) has invited you to the <strong></strong> team on <strong>Vercel</strong>.</p>
            <table align=\\"center\\" width=\\"100%\\" data-id=\\"@jsx-email/section\\" border=\\"0\\" cellPadding=\\"0\\" cellSpacing=\\"0\\" role=\\"presentation\\">
              <tbody>
                <tr>
                  <td>
                    <table align=\\"center\\" width=\\"100%\\" data-id=\\"@jsx-email/row\\" role=\\"presentation\\" cellSpacing=\\"0\\" cellPadding=\\"0\\" border=\\"0\\">
                      <tbody style=\\"width:100%\\">
                        <tr style=\\"width:100%\\">
                          <td align=\\"right\\" data-id=\\"@jsx-email/column\\"><img data-id=\\"@jsx-email/img\\" width=\\"64\\" height=\\"64\\" style=\\"border:none;display:block;outline:none;text-decoration:none;border-radius:9999px\\" /></td>
                          <td align=\\"center\\" data-id=\\"@jsx-email/column\\"><img data-id=\\"@jsx-email/img\\" alt=\\"invited you to\\" src=\\"/static/vercel-arrow.png\\" width=\\"12\\" height=\\"9\\" style=\\"border:none;display:block;outline:none;text-decoration:none\\" /></td>
                          <td align=\\"left\\" data-id=\\"@jsx-email/column\\"><img data-id=\\"@jsx-email/img\\" width=\\"64\\" height=\\"64\\" style=\\"border:none;display:block;outline:none;text-decoration:none;border-radius:9999px\\" /></td>
                        </tr>
                      </tbody>
                    </table>
                  </td>
                </tr>
              </tbody>
            </table>
            <table align=\\"center\\" width=\\"100%\\" data-id=\\"@jsx-email/section\\" style=\\"text-align:center;margin-top:32px;margin-bottom:32px\\" border=\\"0\\" cellPadding=\\"0\\" cellSpacing=\\"0\\" role=\\"presentation\\">
              <tbody>
                <tr>
                  <td><a data-id=\\"@jsx-email/button\\" target=\\"_blank\\" style=\\"background-color:rgb(0,0,0);border-radius:0.25rem;color:rgb(255,255,255);font-size:12px;padding-left:1.25rem;padding-right:1.25rem;padding-top:0.75rem;padding-bottom:0.75rem;font-weight:600;text-decoration-line:none;text-align:center;display:inline-block;line-height:100%;max-width:100%;padding:12px 20px 12px 20px;text-decoration:none\\"><span><!--[if mso]><i style=\\"letter-spacing: 20px;mso-font-width:-100%;mso-text-raise:18\\" hidden>&nbsp;</i><![endif]--></span><span style=\\"display:inline-block;line-height:120%;max-width:100%;mso-padding-alt:0px;mso-text-raise:9px\\">Join the team</span><span><!--[if mso]><i style=\\"letter-spacing: 20px;mso-font-width:-100%\\" hidden>&nbsp;</i><![endif]--></span></a></td>
                </tr>
              </tbody>
            </table>
            <p data-id=\\"@jsx-email/text\\" style=\\"font-size:14px;line-height:24px;margin:16px 0;color:rgb(0,0,0)\\">or copy and paste this URL into your browser: <a data-id=\\"@jsx-email/link\\" target=\\"_blank\\" style=\\"color:rgb(37,99,235);text-decoration:none;text-decoration-line:none\\"></a></p>
            <hr data-id=\\"@jsx-email/hr\\" style=\\"border:none;border-top:1px solid #eaeaea;width:100%;border-width:1px;border-style:solid;border-color:rgb(234,234,234);margin-top:26px;margin-bottom:26px;margin-left:0px;margin-right:0px\\" />
            <p data-id=\\"@jsx-email/text\\" style=\\"font-size:12px;line-height:24px;margin:16px 0;color:rgb(102,102,102)\\">This invitation was intended for <span style=\\"color:rgb(0,0,0)\\"> </span>.This invite was sent from <span style=\\"color:rgb(0,0,0)\\"></span> located in <span style=\\"color:rgb(0,0,0)\\"></span>. If you were not expecting this invitation, you can ignore this email. If you are concerned about your account&#x27;s safety, please reply to this email to get in touch with us.</p>
          </td>
        </tr>
      </tbody>
    </table>
  </body>

</html>"
`;
