// Vitest Snapshot v1, https://vitest.dev/guide/snapshot.html

exports[`render > processes an async component 1`] = `"<div>donezo</div><h1>Welcome, Jim!</h1><img src=\\"img/test.png\\" alt=\\"test\\"/><p>Thanks for trying our product. We&#x27;re thrilled to have you on board!</p>"`;

exports[`render > renders an async component 1`] = `"<!DOCTYPE html PUBLIC \\"-//W3C//DTD XHTML 1.0 Transitional//EN\\" \\"http://www.w3.org/TR/xhtml1/DTD/xhtml1-transitional.dtd\\"><html><body><div>donezo</div><h1>Welcome, Jim!</h1><img src=\\"img/test.png\\" alt=\\"test\\"><p>Thanks for trying our product. We're thrilled to have you on board!</p></body></html>"`;
