// Vitest Snapshot v1, https://vitest.dev/guide/snapshot.html

exports[`defineConfig > basic set 1`] = `
{
  "logLevel": "info",
  "plugins": [
    {
      "log": LogLevel {
        "currentLevel": 2,
        "debug": [Function],
        "error": [Function],
        "info": [Function],
        "log": [Function],
        "methodFactory": LogFactory {
          "options": {
            "level": [Function],
            "name": [Function],
            "ready": {
              "promise": Promise {},
              "reject": [Function],
              "resolve": [Function],
            },
            "template": "[{{time}}] [34mjsx-email[39m [1mâˆµ root/inline[22m {{level}} ",
            "time": [Function],
          },
          "ready": {
            "promise": Promise {},
            "reject": [Function],
            "resolve": [Function],
          },
          Symbol(log-instance): [Circular],
          Symbol(log-levels): {
            "DEBUG": 1,
            "ERROR": 4,
            "INFO": 2,
            "SILENT": 5,
            "TRACE": 0,
            "WARN": 3,
          },
        },
        "name": "dot-log:[1mâˆµ root/inline[22m",
        "options": {
          "factory": LogFactory {
            "options": {
              "level": [Function],
              "name": [Function],
              "ready": {
                "promise": Promise {},
                "reject": [Function],
                "resolve": [Function],
              },
              "template": "[{{time}}] [34mjsx-email[39m [1mâˆµ root/inline[22m {{level}} ",
              "time": [Function],
            },
            "ready": {
              "promise": Promise {},
              "reject": [Function],
              "resolve": [Function],
            },
            Symbol(log-instance): [Circular],
            Symbol(log-levels): {
              "DEBUG": 1,
              "ERROR": 4,
              "INFO": 2,
              "SILENT": 5,
              "TRACE": 0,
              "WARN": 3,
            },
          },
          "id": "dot-log:[1mâˆµ root/inline[22m",
          "level": "info",
          "name": "dot-log:[1mâˆµ root/inline[22m",
          "prefix": undefined,
        },
        "trace": [Function],
        "type": "LogLevel",
        "warn": [Function],
      },
      "name": "root/inline",
      "process": [Function],
      "symbol": Symbol(jsx-email/plugin),
    },
    {
      "log": LogLevel {
        "currentLevel": 2,
        "debug": [Function],
        "error": [Function],
        "info": [Function],
        "log": [Function],
        "methodFactory": LogFactory {
          "options": {
            "level": [Function],
            "name": [Function],
            "ready": {
              "promise": Promise {},
              "reject": [Function],
              "resolve": [Function],
            },
            "template": "[{{time}}] [34mjsx-email[39m [1mâˆµ root/minify[22m {{level}} ",
            "time": [Function],
          },
          "ready": {
            "promise": Promise {},
            "reject": [Function],
            "resolve": [Function],
          },
          Symbol(log-instance): [Circular],
          Symbol(log-levels): {
            "DEBUG": 1,
            "ERROR": 4,
            "INFO": 2,
            "SILENT": 5,
            "TRACE": 0,
            "WARN": 3,
          },
        },
        "name": "dot-log:[1mâˆµ root/minify[22m",
        "options": {
          "factory": LogFactory {
            "options": {
              "level": [Function],
              "name": [Function],
              "ready": {
                "promise": Promise {},
                "reject": [Function],
                "resolve": [Function],
              },
              "template": "[{{time}}] [34mjsx-email[39m [1mâˆµ root/minify[22m {{level}} ",
              "time": [Function],
            },
            "ready": {
              "promise": Promise {},
              "reject": [Function],
              "resolve": [Function],
            },
            Symbol(log-instance): [Circular],
            Symbol(log-levels): {
              "DEBUG": 1,
              "ERROR": 4,
              "INFO": 2,
              "SILENT": 5,
              "TRACE": 0,
              "WARN": 3,
            },
          },
          "id": "dot-log:[1mâˆµ root/minify[22m",
          "level": "info",
          "name": "dot-log:[1mâˆµ root/minify[22m",
          "prefix": undefined,
        },
        "trace": [Function],
        "type": "LogLevel",
        "warn": [Function],
      },
      "name": "root/minify",
      "process": [Function],
      "symbol": Symbol(jsx-email/plugin),
    },
  ],
  "render": {
    "disableDefaultStyle": false,
    "minify": true,
    "plainText": false,
    "pretty": false,
  },
  "symbol": Symbol(jsx-email/config),
}
`;

exports[`defineConfig > defaults 1`] = `
{
  "logLevel": "info",
  "plugins": [
    {
      "log": LogLevel {
        "currentLevel": 2,
        "debug": [Function],
        "error": [Function],
        "info": [Function],
        "log": [Function],
        "methodFactory": LogFactory {
          "options": {
            "level": [Function],
            "name": [Function],
            "ready": {
              "promise": Promise {},
              "reject": [Function],
              "resolve": [Function],
            },
            "template": "[{{time}}] [34mjsx-email[39m [1mâˆµ root/inline[22m {{level}} ",
            "time": [Function],
          },
          "ready": {
            "promise": Promise {},
            "reject": [Function],
            "resolve": [Function],
          },
          Symbol(log-instance): [Circular],
          Symbol(log-levels): {
            "DEBUG": 1,
            "ERROR": 4,
            "INFO": 2,
            "SILENT": 5,
            "TRACE": 0,
            "WARN": 3,
          },
        },
        "name": "dot-log:[1mâˆµ root/inline[22m",
        "options": {
          "factory": LogFactory {
            "options": {
              "level": [Function],
              "name": [Function],
              "ready": {
                "promise": Promise {},
                "reject": [Function],
                "resolve": [Function],
              },
              "template": "[{{time}}] [34mjsx-email[39m [1mâˆµ root/inline[22m {{level}} ",
              "time": [Function],
            },
            "ready": {
              "promise": Promise {},
              "reject": [Function],
              "resolve": [Function],
            },
            Symbol(log-instance): [Circular],
            Symbol(log-levels): {
              "DEBUG": 1,
              "ERROR": 4,
              "INFO": 2,
              "SILENT": 5,
              "TRACE": 0,
              "WARN": 3,
            },
          },
          "id": "dot-log:[1mâˆµ root/inline[22m",
          "level": "info",
          "name": "dot-log:[1mâˆµ root/inline[22m",
          "prefix": undefined,
        },
        "trace": [Function],
        "type": "LogLevel",
        "warn": [Function],
      },
      "name": "root/inline",
      "process": [Function],
      "symbol": Symbol(jsx-email/plugin),
    },
  ],
  "render": {
    "disableDefaultStyle": false,
    "minify": false,
    "plainText": false,
    "pretty": false,
  },
  "symbol": Symbol(jsx-email/config),
}
`;

exports[`defineConfig > minify and pretty 1`] = `
{
  "logLevel": "info",
  "plugins": [
    {
      "log": LogLevel {
        "currentLevel": 2,
        "debug": [Function],
        "error": [Function],
        "info": [Function],
        "log": [Function],
        "methodFactory": LogFactory {
          "options": {
            "level": [Function],
            "name": [Function],
            "ready": {
              "promise": Promise {},
              "reject": [Function],
              "resolve": [Function],
            },
            "template": "[{{time}}] [34mjsx-email[39m [1mâˆµ root/inline[22m {{level}} ",
            "time": [Function],
          },
          "ready": {
            "promise": Promise {},
            "reject": [Function],
            "resolve": [Function],
          },
          Symbol(log-instance): [Circular],
          Symbol(log-levels): {
            "DEBUG": 1,
            "ERROR": 4,
            "INFO": 2,
            "SILENT": 5,
            "TRACE": 0,
            "WARN": 3,
          },
        },
        "name": "dot-log:[1mâˆµ root/inline[22m",
        "options": {
          "factory": LogFactory {
            "options": {
              "level": [Function],
              "name": [Function],
              "ready": {
                "promise": Promise {},
                "reject": [Function],
                "resolve": [Function],
              },
              "template": "[{{time}}] [34mjsx-email[39m [1mâˆµ root/inline[22m {{level}} ",
              "time": [Function],
            },
            "ready": {
              "promise": Promise {},
              "reject": [Function],
              "resolve": [Function],
            },
            Symbol(log-instance): [Circular],
            Symbol(log-levels): {
              "DEBUG": 1,
              "ERROR": 4,
              "INFO": 2,
              "SILENT": 5,
              "TRACE": 0,
              "WARN": 3,
            },
          },
          "id": "dot-log:[1mâˆµ root/inline[22m",
          "level": "info",
          "name": "dot-log:[1mâˆµ root/inline[22m",
          "prefix": undefined,
        },
        "trace": [Function],
        "type": "LogLevel",
        "warn": [Function],
      },
      "name": "root/inline",
      "process": [Function],
      "symbol": Symbol(jsx-email/plugin),
    },
    {
      "log": LogLevel {
        "currentLevel": 2,
        "debug": [Function],
        "error": [Function],
        "info": [Function],
        "log": [Function],
        "methodFactory": LogFactory {
          "options": {
            "level": [Function],
            "name": [Function],
            "ready": {
              "promise": Promise {},
              "reject": [Function],
              "resolve": [Function],
            },
            "template": "[{{time}}] [34mjsx-email[39m [1mâˆµ root/minify[22m {{level}} ",
            "time": [Function],
          },
          "ready": {
            "promise": Promise {},
            "reject": [Function],
            "resolve": [Function],
          },
          Symbol(log-instance): [Circular],
          Symbol(log-levels): {
            "DEBUG": 1,
            "ERROR": 4,
            "INFO": 2,
            "SILENT": 5,
            "TRACE": 0,
            "WARN": 3,
          },
        },
        "name": "dot-log:[1mâˆµ root/minify[22m",
        "options": {
          "factory": LogFactory {
            "options": {
              "level": [Function],
              "name": [Function],
              "ready": {
                "promise": Promise {},
                "reject": [Function],
                "resolve": [Function],
              },
              "template": "[{{time}}] [34mjsx-email[39m [1mâˆµ root/minify[22m {{level}} ",
              "time": [Function],
            },
            "ready": {
              "promise": Promise {},
              "reject": [Function],
              "resolve": [Function],
            },
            Symbol(log-instance): [Circular],
            Symbol(log-levels): {
              "DEBUG": 1,
              "ERROR": 4,
              "INFO": 2,
              "SILENT": 5,
              "TRACE": 0,
              "WARN": 3,
            },
          },
          "id": "dot-log:[1mâˆµ root/minify[22m",
          "level": "info",
          "name": "dot-log:[1mâˆµ root/minify[22m",
          "prefix": undefined,
        },
        "trace": [Function],
        "type": "LogLevel",
        "warn": [Function],
      },
      "name": "root/minify",
      "process": [Function],
      "symbol": Symbol(jsx-email/plugin),
    },
    {
      "log": LogLevel {
        "currentLevel": 2,
        "debug": [Function],
        "error": [Function],
        "info": [Function],
        "log": [Function],
        "methodFactory": LogFactory {
          "options": {
            "level": [Function],
            "name": [Function],
            "ready": {
              "promise": Promise {},
              "reject": [Function],
              "resolve": [Function],
            },
            "template": "[{{time}}] [34mjsx-email[39m [1mâˆµ root/minify[22m {{level}} ",
            "time": [Function],
          },
          "ready": {
            "promise": Promise {},
            "reject": [Function],
            "resolve": [Function],
          },
          Symbol(log-instance): [Circular],
          Symbol(log-levels): {
            "DEBUG": 1,
            "ERROR": 4,
            "INFO": 2,
            "SILENT": 5,
            "TRACE": 0,
            "WARN": 3,
          },
        },
        "name": "dot-log:[1mâˆµ root/minify[22m",
        "options": {
          "factory": LogFactory {
            "options": {
              "level": [Function],
              "name": [Function],
              "ready": {
                "promise": Promise {},
                "reject": [Function],
                "resolve": [Function],
              },
              "template": "[{{time}}] [34mjsx-email[39m [1mâˆµ root/minify[22m {{level}} ",
              "time": [Function],
            },
            "ready": {
              "promise": Promise {},
              "reject": [Function],
              "resolve": [Function],
            },
            Symbol(log-instance): [Circular],
            Symbol(log-levels): {
              "DEBUG": 1,
              "ERROR": 4,
              "INFO": 2,
              "SILENT": 5,
              "TRACE": 0,
              "WARN": 3,
            },
          },
          "id": "dot-log:[1mâˆµ root/minify[22m",
          "level": "info",
          "name": "dot-log:[1mâˆµ root/minify[22m",
          "prefix": undefined,
        },
        "trace": [Function],
        "type": "LogLevel",
        "warn": [Function],
      },
      "name": "root/minify",
      "process": [Function],
      "symbol": Symbol(jsx-email/plugin),
    },
  ],
  "render": {
    "disableDefaultStyle": false,
    "minify": true,
    "plainText": false,
    "pretty": true,
  },
  "symbol": Symbol(jsx-email/config),
}
`;

exports[`defineConfig > plain 1`] = `
{
  "logLevel": "info",
  "plugins": [],
  "render": {
    "disableDefaultStyle": false,
    "minify": true,
    "plainText": true,
    "pretty": true,
  },
  "symbol": Symbol(jsx-email/config),
}
`;
