// Vitest Snapshot v1, https://vitest.dev/guide/snapshot.html

exports[`render > renders the <Body> component 1`] = `"<body>Lorem ipsum</body>"`;
