// Vitest Snapshot v1, https://vitest.dev/guide/snapshot.html

exports[`Raw in Conditional > Raw in Conditional 1`] = `"<jsx-email-cond data-mso=\\"true\\" data-head=\\"true\\"><jsx-email-raw><!--<xml><o:OfficeDocumentSettings><o:AllowPNG /><o:PixelsPerInch>96</o:PixelsPerInch></o:OfficeDocumentSettings></xml>--></jsx-email-raw></jsx-email-cond>"`;

exports[`Raw in Conditional > Raw in Conditional 2`] = `"<!DOCTYPE html PUBLIC \\"-//W3C//DTD XHTML 1.0 Transitional//EN\\" \\"http://www.w3.org/TR/xhtml1/DTD/xhtml1-transitional.dtd\\"><html><head><!--[if mso]><xml><o:OfficeDocumentSettings><o:AllowPNG /><o:PixelsPerInch>96</o:PixelsPerInch></o:OfficeDocumentSettings></xml><![endif]/--></head><body></body></html>"`;
