// Vitest Snapshot v1, https://vitest.dev/guide/snapshot.html

exports[`<Container> component > renders correctly 1`] = `"<table align=\\"center\\" width=\\"100%\\" role=\\"presentation\\" cellSpacing=\\"0\\" cellPadding=\\"0\\" border=\\"0\\" style=\\"max-width:300px\\"><tbody><tr style=\\"width:100%\\"><td><button>Hi</button></td></tr></tbody></table>"`;
