// Vitest Snapshot v1, https://vitest.dev/guide/snapshot.html

exports[`<Font> component > renders correctly 1`] = `
"<style>
    @font-face {
      font-family: 'Roboto';
      font-style: normal;
      font-weight: 400;
      mso-font-alt: 'Verdana';
      
    }

    * {
      font-family: 'Roboto', Verdana;
    }
  </style>"
`;
