// Vitest Snapshot v1, https://vitest.dev/guide/snapshot.html

exports[`<Head> component > renders correctly 1`] = `"<head><meta http-equiv=\\"Content-Type\\" content=\\"text/html; charset=UTF-8\\"/></head>"`;

exports[`<Head> component > renders style tags 1`] = `
"<head><meta http-equiv=\\"Content-Type\\" content=\\"text/html; charset=UTF-8\\"/><style>body{
            color: red;
          }</style></head>"
`;
