// Vitest Snapshot v1, https://vitest.dev/guide/snapshot.html

exports[`<Hr> component > disables the default styles 1`] = `"<hr style=\\"\\"/>"`;

exports[`<Hr> component > renders correctly 1`] = `"<hr style=\\"border:none;border-top:1px solid #eaeaea;width:100%\\"/>"`;
