// Vitest Snapshot v1, https://vitest.dev/guide/snapshot.html

exports[`<Html> component > renders correctly 1`] = `"<html lang=\\"en\\" dir=\\"ltr\\"></html>"`;
