// Vitest Snapshot v1, https://vitest.dev/guide/snapshot.html

exports[`<Img> component > renders correctly 1`] = `"<img alt=\\"Cat\\" src=\\"cat.jpg\\" width=\\"300\\" height=\\"300\\" style=\\"border:none;display:block;outline:none;text-decoration:none\\"/>"`;
