// Vitest Snapshot v1, https://vitest.dev/guide/snapshot.html

exports[`<Link> component > renders correctly 1`] = `"<a href=\\"https://example.com\\" style=\\"color:#067df7;text-decoration:none\\">Example</a>"`;
