// Vitest Snapshot v1, https://vitest.dev/guide/snapshot.html

exports[`render > renders the <QrCode> component 1`] = `"<img data-id=\\"jsx-email/qr\\" width=\\"300\\" height=\\"300\\" style=\\"\\"/>"`;
