// Vitest Snapshot v1, https://vitest.dev/guide/snapshot.html

exports[`<Section> component > renders correctly 1`] = `"<table align=\\"center\\" width=\\"100%\\" border=\\"0\\" cellPadding=\\"0\\" cellSpacing=\\"0\\" role=\\"presentation\\"><tbody><tr><td>Lorem ipsum</td></tr></tbody></table>"`;
