// Vitest Snapshot v1, https://vitest.dev/guide/snapshot.html

exports[`<Text> component > disables the default styles 1`] = `"<p style=\\"\\">Test message</p>"`;

exports[`<Text> component > renders correctly 1`] = `"<p style=\\"font-size:14px;line-height:24px;margin:16px 0\\">Lorem ipsum</p>"`;
