// Vitest Snapshot v1, https://vitest.dev/guide/snapshot.html

exports[`<Container> component > renders correctly 1`] = `"<!DOCTYPE html PUBLIC \\"-//W3C//DTD XHTML 1.0 Transitional//EN\\" \\"http://www.w3.org/TR/xhtml1/DTD/xhtml1-transitional.dtd\\"><table align=\\"center\\" width=\\"100%\\" data-id=\\"@jsx-email/container\\" role=\\"presentation\\" cellSpacing=\\"0\\" cellPadding=\\"0\\" border=\\"0\\" style=\\"max-width:300px\\"><tbody><tr style=\\"width:100%\\"><td><button>Hi</button></td></tr></tbody></table>"`;
