// Vitest Snapshot v1, https://vitest.dev/guide/snapshot.html

exports[`<Section> component > renders correctly 1`] = `"<!DOCTYPE html PUBLIC \\"-//W3C//DTD XHTML 1.0 Transitional//EN\\" \\"http://www.w3.org/TR/xhtml1/DTD/xhtml1-transitional.dtd\\"><html><body><table align=\\"center\\" width=\\"100%\\" border=\\"0\\" cellpadding=\\"0\\" cellspacing=\\"0\\" role=\\"presentation\\"><tbody><tr><td>Lorem ipsum</td></tr></tbody></table></body></html>"`;
