// Vitest Snapshot v1, https://vitest.dev/guide/snapshot.html

exports[`render > issue 216, minifying 1`] = `"<!DOCTYPE html PUBLIC "-//W3C//DTD XHTML 1.0 Transitional//EN" "http://www.w3.org/TR/xhtml1/DTD/xhtml1-transitional.dtd"><html><body><div><a style="-webkit-text-size-adjust:none;border-radius:0;display:inline-block;font-size:16px;line-height:48px;max-width:200px;text-align:center;text-decoration:none;width:100%;mso-hide:all" class="button">button</a></div></body></html>"`;
