<html
  lang="en"
  dir="ltr"
  xmlns:o="urn:schemas-microsoft-com:office:office"
  xmlns:v="urn:schemas-microsoft-com:vml"
>
  <head>
  </head>
  <body>
    123
  </body>
</html>