<html
  lang="en"
  dir="ltr"
  xmlns:o="urn:schemas-microsoft-com:office:office"
  xmlns:v="urn:schemas-microsoft-com:vml"
>
  <head>
  </head>
  <body>
    <p style="font-size:14px;line-height:24px;margin:16px 0">
      paths import
    </p>
  </body>
</html>