// Vitest Snapshot v1, https://vitest.dev/guide/snapshot.html

exports[`<Markdown> component renders correctly > renders links in the correct format for browsers 1`] = `
"<!DOCTYPE html PUBLIC \\"-//W3C//DTD XHTML 1.0 Transitional//EN\\" \\"http://www.w3.org/TR/xhtml1/DTD/xhtml1-transitional.dtd\\"><div data-id=\\"@jsx-email/markdown\\"><p data-id=\\"@jsx-email/text\\">Link to <a href=\\"https://react.email\\" target=\\"_blank\\" data-id=\\"@jsx-email/link\\" style=\\"background-color:transparent;color:#007bff;text-decoration:underline\\">React-email</a></p>
</div>"
`;

exports[`<Markdown> component renders correctly > renders lists in the correct format for browsers 1`] = `
"<!DOCTYPE html PUBLIC \\"-//W3C//DTD XHTML 1.0 Transitional//EN\\" \\"http://www.w3.org/TR/xhtml1/DTD/xhtml1-transitional.dtd\\"><div data-id=\\"@jsx-email/markdown\\"><h1 style=\\"font-weight:500;padding-top:20px;font-size:2.5rem\\" data-id=\\"@jsx-email/heading\\">Below is a list</h1><ul>
<li>Item One</li>
<li>Item Two</li>
<li>Item Three</li>
</ul>
</div>"
`;

exports[`<Markdown> component renders correctly > renders text in the correct format for browsers 1`] = `
"<!DOCTYPE html PUBLIC \\"-//W3C//DTD XHTML 1.0 Transitional//EN\\" \\"http://www.w3.org/TR/xhtml1/DTD/xhtml1-transitional.dtd\\"><div data-id=\\"@jsx-email/markdown\\"><p data-id=\\"@jsx-email/text\\"><strong style=\\"font-weight:bold\\">This is sample bold text in markdown</strong> and <em style=\\"font-style:italic\\">this is italic text</em></p>
</div>"
`;

exports[`<Markdown> component renders correctly > renders the headers in the correct format for browsers 1`] = `"<!DOCTYPE html PUBLIC \\"-//W3C//DTD XHTML 1.0 Transitional//EN\\" \\"http://www.w3.org/TR/xhtml1/DTD/xhtml1-transitional.dtd\\"><div data-id=\\"@jsx-email/markdown\\"><h1 style=\\"font-weight:500;padding-top:20px;font-size:2.5rem\\" data-id=\\"@jsx-email/heading\\">Heading 1!</h1><h2 style=\\"font-weight:500;padding-top:20px;font-size:2rem\\" data-id=\\"@jsx-email/heading\\">Heading 2!</h2><h3 style=\\"font-weight:500;padding-top:20px;font-size:1.75rem\\" data-id=\\"@jsx-email/heading\\">Heading 3!</h3><h4 style=\\"font-weight:500;padding-top:20px;font-size:1.5rem\\" data-id=\\"@jsx-email/heading\\">Heading 4!</h4><h5 style=\\"font-weight:500;padding-top:20px;font-size:1.25rem\\" data-id=\\"@jsx-email/heading\\">Heading 5!</h5><h6 style=\\"font-weight:500;padding-top:20px;font-size:1rem\\" data-id=\\"@jsx-email/heading\\">Heading 6!</h6></div>"`;

exports[`<Markdown> component renders correctly > renders the markdown in the correct format for browsers 1`] = `
"<!DOCTYPE html PUBLIC \\"-//W3C//DTD XHTML 1.0 Transitional//EN\\" \\"http://www.w3.org/TR/xhtml1/DTD/xhtml1-transitional.dtd\\"><div data-id=\\"@jsx-email/markdown\\"><h1 style=\\"font-weight:500;padding-top:20px;font-size:2.5rem\\" data-id=\\"@jsx-email/heading\\">Markdown Test Document</h1><p data-id=\\"@jsx-email/text\\">This is a <strong style=\\"font-weight:bold\\">test document</strong> to check the capabilities of a Markdown parser.</p>
<h2 style=\\"font-weight:500;padding-top:20px;font-size:2rem\\" data-id=\\"@jsx-email/heading\\">Headings</h2><h3 style=\\"font-weight:500;padding-top:20px;font-size:1.75rem\\" data-id=\\"@jsx-email/heading\\">Third-Level Heading</h3><h4 style=\\"font-weight:500;padding-top:20px;font-size:1.5rem\\" data-id=\\"@jsx-email/heading\\">Fourth-Level Heading</h4><h5 style=\\"font-weight:500;padding-top:20px;font-size:1.25rem\\" data-id=\\"@jsx-email/heading\\">Fifth-Level Heading</h5><h6 style=\\"font-weight:500;padding-top:20px;font-size:1rem\\" data-id=\\"@jsx-email/heading\\">Sixth-Level Heading</h6><h2 style=\\"font-weight:500;padding-top:20px;font-size:2rem\\" data-id=\\"@jsx-email/heading\\">Text Formatting</h2><p data-id=\\"@jsx-email/text\\">This is some <strong style=\\"font-weight:bold\\">bold text</strong> and this is some <em style=\\"font-style:italic\\">italic text</em>. You can also use <del>strikethrough</del> and <code style=\\"background: #f8f8f8;color:#212529;display:inline;font-family:SFMono-Regular,Menlo,Monaco,Consolas,monospace;font-size:87.5%;word-wrap:break-word\\">inline code</code>.</p>
<h2 style=\\"font-weight:500;padding-top:20px;font-size:2rem\\" data-id=\\"@jsx-email/heading\\">Lists</h2><ol>
<li>Ordered List Item 1</li>
<li>Ordered List Item 2</li>
<li>Ordered List Item 3</li>
</ol>
<ul>
<li>Unordered List Item 1</li>
<li>Unordered List Item 2</li>
<li>Unordered List Item 3</li>
</ul>
<h2 style=\\"font-weight:500;padding-top:20px;font-size:2rem\\" data-id=\\"@jsx-email/heading\\">Links</h2><p data-id=\\"@jsx-email/text\\"><a href=\\"https://www.markdownguide.org\\" target=\\"_blank\\" data-id=\\"@jsx-email/link\\" style=\\"background-color:transparent;color:#007bff;text-decoration:underline\\">Markdown Guide</a></p>
<h2 style=\\"font-weight:500;padding-top:20px;font-size:2rem\\" data-id=\\"@jsx-email/heading\\">Images</h2><p data-id=\\"@jsx-email/text\\"><img src=\\"https://markdown-here.com/img/icon256.png\\" alt=\\"Markdown Logo\\"></p>
<h2 style=\\"font-weight:500;padding-top:20px;font-size:2rem\\" data-id=\\"@jsx-email/heading\\">Blockquotes</h2><blockquote style=\\"background:#f9f9f9;border-left:10px solid #ccc;margin:1.5em 10px;padding:1em 10px\\">
<p data-id=\\"@jsx-email/text\\">This is a blockquote.</p>
<ul>
<li>Author</li>
</ul>
</blockquote>
<h2 style=\\"font-weight:500;padding-top:20px;font-size:2rem\\" data-id=\\"@jsx-email/heading\\">Code Blocks</h2><pre style=\\"background: #f8f8f8;color:#212529;display:inline;font-family:SFMono-Regular,Menlo,Monaco,Consolas,monospace;font-size:87.5%;margin-bottom:20px;padding-bottom:1px;padding-left:10px;padding-right:10px;padding-top:10px;word-wrap:break-word\\"><code>function greet(name) {
console.log(\`Hello, \${name}!\`);
}
</code></pre>
</div>"
`;
