<html
  lang="en"
  dir="ltr"
>
  <head>
    <style tailwind>
      /* layer: preflights */
    </style>
  </head>
  <body>
  </body>
</html>