// Vitest Snapshot v1, https://vitest.dev/guide/snapshot.html

exports[`<Link> component > renders correctly 1`] = `"<!DOCTYPE html PUBLIC \\"-//W3C//DTD XHTML 1.0 Transitional//EN\\" \\"http://www.w3.org/TR/xhtml1/DTD/xhtml1-transitional.dtd\\"><a href=\\"https://example.com\\" data-id=\\"@jsx-email/link\\" target=\\"_blank\\" style=\\"color:#067df7;text-decoration:none\\">Example</a>"`;
