// Vitest Snapshot v1, https://vitest.dev/guide/snapshot.html

exports[`loadConfig â†’ mjs > loadConfig 1`] = `
{
  "logLevel": "info",
  "plugins": [
    {
      "name": "root/minify",
      "symbol": Symbol(jsx-email/plugin),
    },
  ],
  "render": {
    "disableDefaultStyle": false,
    "inlineCss": false,
    "minify": true,
    "plainText": false,
    "pretty": false,
  },
  "symbol": Symbol(jsx-email/config),
}
`;
