// Vitest Snapshot v1, https://vitest.dev/guide/snapshot.html

exports[`<Head> component > renders correctly 1`] = `"<!DOCTYPE html PUBLIC \\"-//W3C//DTD XHTML 1.0 Transitional//EN\\" \\"http://www.w3.org/TR/xhtml1/DTD/xhtml1-transitional.dtd\\"><head data-id=\\"@jsx-email/head\\"><meta http-equiv=\\"Content-Type\\" content=\\"text/html; charset=UTF-8\\"/></head>"`;

exports[`<Head> component > renders style tags 1`] = `
"<!DOCTYPE html PUBLIC \\"-//W3C//DTD XHTML 1.0 Transitional//EN\\" \\"http://www.w3.org/TR/xhtml1/DTD/xhtml1-transitional.dtd\\"><head data-id=\\"@jsx-email/head\\"><meta http-equiv=\\"Content-Type\\" content=\\"text/html; charset=UTF-8\\"/><style>body{
            color: red;
          }</style></head>"
`;
