// Vitest Snapshot v1, https://vitest.dev/guide/snapshot.html

exports[`Custom plugins config > should be able to use custom plugins 1`] = `"<div style=\\"border:2px solid\\"></div>"`;

exports[`Custom plugins config > should be able to use custom plugins with responsive styles 1`] = `"<html><head><style>@media(min-width:640px){.sm\\\\:border-custom{border:2px solid}}</style></head><body><div style=\\"border:2px solid\\"></div></body></html>"`;

exports[`Custom theme config > should be able to use custom border radius 1`] = `"<div style=\\"border-radius:2rem\\"></div>"`;

exports[`Custom theme config > should be able to use custom colors 1`] = `"<div style=\\"color:rgb(31,182,255);background-color:rgb(31,182,255)\\"></div>"`;

exports[`Custom theme config > should be able to use custom colors 2`] = `"<div style=\\"font-family:Graphik, sans-serif\\"></div><div style=\\"font-family:Merriweather, serif\\"></div>"`;

exports[`Custom theme config > should be able to use custom spacing 1`] = `"<div style=\\"margin:96rem\\"></div>"`;

exports[`Custom theme config > should be able to use custom text alignment 1`] = `"<div style=\\"text-align:justify\\"></div>"`;

exports[`Responsive styles > should add css to <head/> 1`] = `"<html><head><style>@media(min-width:640px){.sm\\\\:bg-red-300{background-color:rgb(252,165,165)}}@media(min-width:768px){.md\\\\:bg-red-400{background-color:rgb(248,113,113)}}@media(min-width:1024px){.lg\\\\:bg-red-500{background-color:rgb(239,68,68)}}</style></head><body><div style=\\"background-color:rgb(254,202,202)\\"></div></body></html>"`;

exports[`Responsive styles > should persist exsisting <head/> elements 1`] = `"<html><head><style></style><link/><style>@media(min-width:640px){.sm\\\\:bg-red-500{background-color:rgb(239,68,68)}}</style></head><body><div style=\\"background-color:rgb(254,202,202)\\"></div></body></html>"`;

exports[`Tailwind component > should be able to use background image 1`] = `"<div style=\\"background-image:url(https://example.com/image.png)\\"></div>"`;

exports[`Tailwind component > should override inline styles with Tailwind styles 1`] = `"<div style=\\"background-color:rgb(0,0,0);font-size:16px\\"></div>"`;
