// Vitest Snapshot v1, https://vitest.dev/guide/snapshot.html

exports[`<Row> component > renders correctly 1`] = `"<!DOCTYPE html PUBLIC \\"-//W3C//DTD XHTML 1.0 Transitional//EN\\" \\"http://www.w3.org/TR/xhtml1/DTD/xhtml1-transitional.dtd\\"><html><body><table align=\\"center\\" width=\\"100%\\" role=\\"presentation\\" cellspacing=\\"0\\" cellpadding=\\"0\\" border=\\"0\\"><tbody style=\\"width:100%\\"><tr style=\\"width:100%\\"></tr></tbody></table></body></html>"`;
